
> macha-site@0.1.0 build
> next build

Attention: Next.js now collects completely anonymous telemetry regarding usage.
This information is used to shape Next.js' roadmap and prioritize features.
You can learn more, including how to opt-out if you'd not like to participate in this anonymous program, by visiting the following URL:
https://nextjs.org/telemetry

▲ Next.js 16.1.6 (Turbopack)

⚠ The "middleware" file convention is deprecated. Please use "proxy" instead. Learn more: https://nextjs.org/docs/messages/middleware-to-proxy
  Creating an optimized production build ...
✓ Compiled successfully in 9.0s
  Running TypeScript ...
  Collecting page data using 3 workers ...
  Generating static pages using 3 workers (0/13) ...
  Generating static pages using 3 workers (3/13)
  Generating static pages using 3 workers (6/13)
  Generating static pages using 3 workers (9/13)
✓ Generating static pages using 3 workers (13/13) in 314.3ms
  Finalizing page optimization ...

Route (app)
┌ ƒ /
├ ƒ /_not-found
├ ƒ /about
├ ƒ /auth/callback
├ ƒ /auth/signout
├ ƒ /cart
├ ƒ /journal
├ ƒ /login
├ ƒ /orders
├ ƒ /profile
└ ƒ /shop


ƒ Proxy (Middleware)

ƒ  (Dynamic)  server-rendered on demand
